warning: The `UV_NATIVE_TLS` environment variable is deprecated and will be removed in a future release. Use `UV_SYSTEM_CERTS` instead.
[Parallel(n_jobs=4)]: Using backend LokyBackend with 4 concurrent workers.
[Parallel(n_jobs=4)]: Done   5 tasks      | elapsed:  2.4min
[Parallel(n_jobs=4)]: Done  10 tasks      | elapsed:  3.5min
[Parallel(n_jobs=4)]: Done  16 out of  20 | elapsed:  5.1min remaining:  1.3min
[Parallel(n_jobs=4)]: Done  20 out of  20 | elapsed:  6.2min finished
played in 373 s, written outputs/task-17/gap17v2_full_0_dev_mpc_combo.json
references reproduced exactly on 20/20 episodes; fallback weeks 0
RSS check: {'rss': 0.832189270173687, 'pooled': True, 'rss_all': 0.8111766848835501, 'rss_by_stratum': {1: 0.8374244909401224, 2: 0.856767607968479, 3: 0.7993428275630627, 4: 0.761426741889625}}

ALL: 20 episodes (USD per episode, mean)
component              naive        agent      perfect  agent-perfect share of gap
freight           1.6226e+10   1.7943e+10   1.2011e+10     5.9319e+09         0.9%
war_risk          1.2879e+08   1.4536e+08   1.2312e+08     2.2245e+07         0.0%
tariff            1.2881e+10   2.0918e+10   1.0608e+10     1.0310e+10         1.6%
holding           3.3975e+10   3.2976e+10   1.7414e+10     1.5562e+10         2.4%
queue_holding     5.4134e+09   1.3631e+09   5.9548e+08     7.6762e+08         0.1%
shortage          3.6170e+12   2.2781e+12   1.8332e+12     4.4487e+11        68.9%
disposal          8.7890e+09   1.4213e+10   2.9916e+08     1.3914e+10         2.2%
shed              5.6589e+12   4.2151e+12   4.0556e+12     1.5956e+11        24.7%
salvage_credit   -5.7899e+09  -5.8350e+09  -3.1459e+08    -5.5204e+09        -0.9%
TOTAL             9.3476e+12   6.5749e+12   5.9295e+12     6.4541e+11       100.0%

harm level 1: 5 episodes (USD per episode, mean)
component              naive        agent      perfect  agent-perfect share of gap
freight           1.8669e+10   2.0325e+10   1.2786e+10     7.5389e+09         1.4%
war_risk          1.6081e+08   1.7179e+08   9.2510e+07     7.9283e+07         0.0%
tariff            1.5559e+10   2.1956e+10   6.5107e+09     1.5446e+10         2.9%
holding           3.8065e+10   3.6884e+10   1.6994e+10     1.9891e+10         3.8%
queue_holding     1.1072e+10   1.5310e+09   2.2013e+08     1.3109e+09         0.2%
shortage          3.5259e+12   1.9597e+12   1.5902e+12     3.6954e+11        69.8%
disposal          1.0931e+10   1.9738e+10   1.9221e+08     1.9546e+10         3.7%
shed              3.8572e+12   2.6913e+12   2.5885e+12     1.0282e+11        19.4%
salvage_credit   -7.5150e+09  -7.4684e+09  -5.1699e+08    -6.9514e+09        -1.3%
TOTAL             7.4701e+12   4.7441e+12   4.2149e+12     5.2921e+11       100.0%

harm level 2: 5 episodes (USD per episode, mean)
component              naive        agent      perfect  agent-perfect share of gap
freight           1.5859e+10   1.7633e+10   1.2002e+10     5.6311e+09         1.3%
war_risk          1.1244e+08   1.8375e+08   1.4103e+08     4.2720e+07         0.0%
tariff            1.4505e+10   2.3887e+10   1.5379e+10     8.5079e+09         1.9%
holding           3.2678e+10   3.2052e+10   1.7250e+10     1.4803e+10         3.4%
queue_holding     3.5440e+09   1.8806e+09   3.0588e+08     1.5747e+09         0.4%
shortage          3.3931e+12   2.0763e+12   1.7917e+12     2.8462e+11        64.8%
disposal          6.4837e+09   1.1418e+10   1.7311e+08     1.1245e+10         2.6%
shed              6.0501e+12   4.7246e+12   4.6064e+12     1.1817e+11        26.9%
salvage_credit   -5.3776e+09  -5.5076e+09  -3.3564e+08    -5.1720e+09        -1.2%
TOTAL             9.5110e+12   6.8825e+12   6.4431e+12     4.3942e+11       100.0%

harm level 3: 5 episodes (USD per episode, mean)
component              naive        agent      perfect  agent-perfect share of gap
freight           1.5964e+10   1.7901e+10   1.2374e+10     5.5267e+09         0.7%
war_risk          1.1911e+08   1.3031e+08   1.2714e+08     3.1686e+06         0.0%
tariff            7.9255e+09   1.3795e+10   7.8211e+09     5.9736e+09         0.8%
holding           3.3381e+10   3.2209e+10   1.7766e+10     1.4443e+10         1.9%
queue_holding     1.8369e+09   1.0139e+09   7.4174e+08     2.7216e+08         0.0%
shortage          3.7522e+12   2.3922e+12   1.8817e+12     5.1059e+11        68.8%
disposal          9.4831e+09   1.4387e+10   3.7164e+08     1.4015e+10         1.9%
shed              5.4693e+12   3.8606e+12   3.6637e+12     1.9692e+11        26.5%
salvage_credit   -5.3047e+09  -5.4151e+09  -2.3112e+08    -5.1840e+09        -0.7%
TOTAL             9.2849e+12   6.3269e+12   5.5843e+12     7.4256e+11       100.0%

harm level 4: 5 episodes (USD per episode, mean)
component              naive        agent      perfect  agent-perfect share of gap
freight           1.4413e+10   1.5914e+10   1.0883e+10     5.0308e+09         0.6%
war_risk          1.2278e+08   9.5601e+07   1.3179e+08    -3.6190e+07        -0.0%
tariff            1.3536e+10   2.4036e+10   1.2723e+10     1.1313e+10         1.3%
holding           3.1776e+10   3.0758e+10   1.7646e+10     1.3112e+10         1.5%
queue_holding     5.2007e+09   1.0269e+09   1.1142e+09    -8.7296e+07        -0.0%
shortage          3.7970e+12   2.6840e+12   2.0692e+12     6.1472e+11        70.6%
disposal          8.2584e+09   1.1310e+10   4.5969e+08     1.0851e+10         1.2%
shed              7.2590e+12   5.5840e+12   5.3637e+12     2.2034e+11        25.3%
salvage_credit   -4.9622e+09  -4.9488e+09  -1.7461e+08    -4.7742e+09        -0.5%
TOTAL             1.1124e+13   8.3462e+12   7.4757e+12     8.7046e+11       100.0%
