warning: The `UV_NATIVE_TLS` environment variable is deprecated and will be removed in a future release. Use `UV_SYSTEM_CERTS` instead.
[Parallel(n_jobs=4)]: Using backend LokyBackend with 4 concurrent workers.
[Parallel(n_jobs=4)]: Done   5 tasks      | elapsed:  1.9min
[Parallel(n_jobs=4)]: Done  10 tasks      | elapsed:  2.8min
[Parallel(n_jobs=4)]: Done  16 out of  20 | elapsed:  4.2min remaining:  1.0min
[Parallel(n_jobs=4)]: Done  20 out of  20 | elapsed:  5.0min finished
played in 300 s, written outputs/task-17/gap17v2_full_0_dev_mpc_fab3sell.json
references reproduced exactly on 20/20 episodes; fallback weeks 0
RSS check: {'rss': 0.8099472693820278, 'pooled': True, 'rss_all': 0.7929143531199812, 'rss_by_stratum': {1: 0.8001389583259751, 2: 0.8537082123032901, 3: 0.7895397122842625, 4: 0.7387733347773208}}

ALL: 20 episodes (USD per episode, mean)
component              naive        agent      perfect  agent-perfect share of gap
freight           1.6226e+10   1.7818e+10   1.2011e+10     5.8071e+09         0.8%
war_risk          1.2879e+08   1.5726e+08   1.2312e+08     3.4144e+07         0.0%
tariff            1.2881e+10   2.0937e+10   1.0608e+10     1.0329e+10         1.5%
holding           3.3975e+10   3.2666e+10   1.7414e+10     1.5252e+10         2.2%
queue_holding     5.4134e+09   1.5031e+09   5.9548e+08     9.0763e+08         0.1%
shortage          3.6170e+12   2.3046e+12   1.8332e+12     4.7141e+11        66.6%
disposal          8.7890e+09   1.2762e+10   2.9916e+08     1.2463e+10         1.8%
shed              5.6589e+12   4.2527e+12   4.0556e+12     1.9714e+11        27.9%
salvage_credit   -5.7899e+09  -5.8206e+09  -3.1459e+08    -5.5061e+09        -0.8%
TOTAL             9.3476e+12   6.6373e+12   5.9295e+12     7.0784e+11       100.0%

harm level 1: 5 episodes (USD per episode, mean)
component              naive        agent      perfect  agent-perfect share of gap
freight           1.8669e+10   2.0167e+10   1.2786e+10     7.3816e+09         1.1%
war_risk          1.6081e+08   1.8182e+08   9.2510e+07     8.9306e+07         0.0%
tariff            1.5559e+10   2.2581e+10   6.5107e+09     1.6070e+10         2.5%
holding           3.8065e+10   3.6390e+10   1.6994e+10     1.9396e+10         3.0%
queue_holding     1.1072e+10   1.8440e+09   2.2013e+08     1.6239e+09         0.2%
shortage          3.5259e+12   2.0074e+12   1.5902e+12     4.1722e+11        64.1%
disposal          1.0931e+10   1.7801e+10   1.9221e+08     1.7609e+10         2.7%
shed              3.8572e+12   2.7666e+12   2.5885e+12     1.7813e+11        27.4%
salvage_credit   -7.5150e+09  -7.4493e+09  -5.1699e+08    -6.9323e+09        -1.1%
TOTAL             7.4701e+12   4.8655e+12   4.2149e+12     6.5059e+11       100.0%

harm level 2: 5 episodes (USD per episode, mean)
component              naive        agent      perfect  agent-perfect share of gap
freight           1.5859e+10   1.7518e+10   1.2002e+10     5.5162e+09         1.2%
war_risk          1.1244e+08   1.8445e+08   1.4103e+08     4.3415e+07         0.0%
tariff            1.4505e+10   2.3449e+10   1.5379e+10     8.0706e+09         1.8%
holding           3.2678e+10   3.1808e+10   1.7250e+10     1.4558e+10         3.2%
queue_holding     3.5440e+09   2.0348e+09   3.0588e+08     1.7289e+09         0.4%
shortage          3.3931e+12   2.0880e+12   1.7917e+12     2.9625e+11        66.0%
disposal          6.4837e+09   9.8689e+09   1.7311e+08     9.6957e+09         2.2%
shed              6.0501e+12   4.7245e+12   4.6064e+12     1.1810e+11        26.3%
salvage_credit   -5.3776e+09  -5.4891e+09  -3.3564e+08    -5.1534e+09        -1.1%
TOTAL             9.5110e+12   6.8919e+12   6.4431e+12     4.4881e+11       100.0%

harm level 3: 5 episodes (USD per episode, mean)
component              naive        agent      perfect  agent-perfect share of gap
freight           1.5964e+10   1.7778e+10   1.2374e+10     5.4032e+09         0.7%
war_risk          1.1911e+08   1.5619e+08   1.2714e+08     2.9043e+07         0.0%
tariff            7.9255e+09   1.3678e+10   7.8211e+09     5.8574e+09         0.8%
holding           3.3381e+10   3.1971e+10   1.7766e+10     1.4206e+10         1.8%
queue_holding     1.8369e+09   1.1016e+09   7.4174e+08     3.5983e+08         0.0%
shortage          3.7522e+12   2.4115e+12   1.8817e+12     5.2989e+11        68.0%
disposal          9.4831e+09   1.2746e+10   3.7164e+08     1.2374e+10         1.6%
shed              5.4693e+12   3.8796e+12   3.6637e+12     2.1589e+11        27.7%
salvage_credit   -5.3047e+09  -5.4041e+09  -2.3112e+08    -5.1730e+09        -0.7%
TOTAL             9.2849e+12   6.3631e+12   5.5843e+12     7.7883e+11       100.0%

harm level 4: 5 episodes (USD per episode, mean)
component              naive        agent      perfect  agent-perfect share of gap
freight           1.4413e+10   1.5811e+10   1.0883e+10     4.9274e+09         0.5%
war_risk          1.2278e+08   1.0660e+08   1.3179e+08    -2.5187e+07        -0.0%
tariff            1.3536e+10   2.4039e+10   1.2723e+10     1.1316e+10         1.2%
holding           3.1776e+10   3.0496e+10   1.7646e+10     1.2849e+10         1.3%
queue_holding     5.2007e+09   1.0321e+09   1.1142e+09    -8.2077e+07        -0.0%
shortage          3.7970e+12   2.7115e+12   2.0692e+12     6.4227e+11        67.4%
disposal          8.2584e+09   1.0634e+10   4.5969e+08     1.0174e+10         1.1%
shed              7.2590e+12   5.6401e+12   5.3637e+12     2.7645e+11        29.0%
salvage_credit   -4.9622e+09  -4.9401e+09  -1.7461e+08    -4.7655e+09        -0.5%
TOTAL             1.1124e+13   8.4288e+12   7.4757e+12     9.5311e+11       100.0%
