warning: The `UV_NATIVE_TLS` environment variable is deprecated and will be removed in a future release. Use `UV_SYSTEM_CERTS` instead.
[Parallel(n_jobs=4)]: Using backend LokyBackend with 4 concurrent workers.
[Parallel(n_jobs=4)]: Done  10 tasks      | elapsed:   28.9s
[Parallel(n_jobs=4)]: Done  64 tasks      | elapsed:  2.4min
[Parallel(n_jobs=4)]: Done 120 out of 120 | elapsed:  4.5min finished
full: 120 episodes, 22 warning units (14 regions, 1 dyads, 7 chokepoints)

events starting inside the episode, per episode: {'energy_shock': 4.23, 'material_outage': 0.93, 'militarised_closure': 0.95, 'piracy': 0.69, 'port_strike': 2.62, 'regional_conflict': 0.47, 'sanction': 9.5, 'tariff': 8.38, 'weather_closure': 2.73}

warning.score -> event onset within K weeks (pooled unit-weeks; AUC 0.5 = useless)
  unit kind  target                   K base rate    AUC prec@top5% prec@top1%
  chokepoint closure                  4     1.95%  0.525      1.83%      2.02%
  chokepoint closure                  8     3.84%  0.519      3.47%      3.47%
  chokepoint closure                 12     5.69%  0.513      4.94%      5.30%
  chokepoint militarised_closure      4     0.45%  0.605      0.95%      1.07%
  chokepoint militarised_closure      8     0.86%  0.589      1.61%      1.49%
  chokepoint militarised_closure     12     1.26%  0.579      2.25%      1.55%
  dyad       conflict_between         4     0.07%  0.297      0.00%      0.00%
  dyad       conflict_between         8     0.12%  0.321      0.00%      0.00%
  dyad       conflict_between        12     0.16%  0.349      0.00%      0.00%
  dyad       conflict_in_either       4     0.10%  0.523      0.67%      0.00%
  dyad       conflict_in_either       8     0.18%  0.539      1.22%      0.00%
  dyad       conflict_in_either      12     0.23%  0.524      1.27%      0.00%
  dyad       dyad_war_onset           4     0.25%  0.661      1.33%      4.17%
  dyad       dyad_war_onset           8     0.49%  0.658      2.78%      7.76%
  dyad       dyad_war_onset          12     0.73%  0.673      4.35%     11.71%
  region     any_PM_event             4     6.92%  0.509      7.45%      6.49%
  region     any_PM_event             8    12.61%  0.508     13.13%     11.10%
  region     any_PM_event            12    17.90%  0.507     18.34%     14.88%
  region     conflict_onset           4     0.26%  0.651      0.64%      0.48%
  region     conflict_onset           8     0.51%  0.650      1.30%      0.99%
  region     conflict_onset          12     0.77%  0.646      1.98%      1.55%
  region     regional_conflict        4     0.24%  0.586      0.33%      0.00%
  region     regional_conflict        8     0.45%  0.590      0.69%      0.00%
  region     regional_conflict       12     0.68%  0.593      1.09%      0.00%

warning lead: share of onsets preceded (1..12 weeks before) by a score above the unit kind's 95% quantile, and the median weeks between the first such week and the onset
  chokepoint closure                onsets   438  warned  13.9%  median lead  7.0 w
  chokepoint militarised_closure    onsets   111  warned  23.4%  median lead  7.0 w
  dyad       conflict_between       onsets     2  warned   0.0%  median lead  nan w
  dyad       conflict_in_either     onsets     3  warned  33.3%  median lead  7.0 w
  dyad       dyad_war_onset         onsets     8  warned  25.0%  median lead 12.0 w
  region     any_PM_event           onsets  4045  warned   6.5%  median lead 12.0 w
  region     conflict_onset         onsets   113  warned  14.2%  median lead 12.0 w
  region     regional_conflict      onsets   112  warned   7.1%  median lead 12.0 w

real events starting in the episode: share announced on each channel, median lead (weeks)
  tariff               n= 1006  tariff_formal 56% (lead 9.5); tariff_informal 44% (lead 3.2); tariff_final 100% (lead 0.9)
  sanction             n= 1140  sanction_legal 100% (lead 0.0); ties_threat 100% (lead 0.0)
  material_outage      n=  111  never announced
  militarised_closure  n=  114  mid_threat 100% (lead 1.0)
  regional_conflict    n=   57  never announced
  piracy               n=   83  never announced
  energy_shock         n=  508  never announced
  weather_closure      n=  328  never announced
  port_strike          n=  314  never announced

message threads seen by an agent (real = matches a real omega event; lead = onset week - first seen)
  mid_threat                           threads    145 (  1.2/ep)  real  78.6%  median lead (real)   0.0 w
  sanction_legal                       threads    152 (  1.3/ep)  real  43.4%  median lead (real)   4.0 w
  sanction_legal+ties_threat           threads     99 (  0.8/ep)  real  48.5%  median lead (real)  16.5 w
  tariff_formal                        threads    228 (  1.9/ep)  real  79.8%  median lead (real)   6.0 w
  tariff_formal+tariff_final           threads    509 (  4.2/ep)  real  77.8%  median lead (real)   7.0 w
  tariff_informal                      threads    171 (  1.4/ep)  real  68.4%  median lead (real)   3.0 w
  tariff_informal+tariff_final         threads    432 (  3.6/ep)  real  70.6%  median lead (real)   2.0 w
  ties_threat                          threads    976 (  8.1/ep)  real  52.4%  median lead (real)  12.0 w

pending_prohibitions entries: 264 (2.2/ep), really prohibited at their week 52.3%, median lead (real) 5.0 w
