warning: The `UV_NATIVE_TLS` environment variable is deprecated and will be removed in a future release. Use `UV_SYSTEM_CERTS` instead.
episodes [0, 1, 2, 3, 4, 5, 6, 7, 8, 9, 10, 11, 12, 13, 14, 15, 16, 17, 18, 19], classes ['base', 'all', 'announced', 'conflict', 'closures', 'tariff', 'sanction', 'energy_shock'], 160 runs
[Parallel(n_jobs=4)]: Using backend LokyBackend with 4 concurrent workers.
[Parallel(n_jobs=4)]: Done   5 tasks      | elapsed:  1.9min
[Parallel(n_jobs=4)]: Done  10 tasks      | elapsed:  3.0min
[Parallel(n_jobs=4)]: Done  17 tasks      | elapsed:  4.8min
[Parallel(n_jobs=4)]: Done  24 tasks      | elapsed:  6.5min
[Parallel(n_jobs=4)]: Done  33 tasks      | elapsed:  9.0min
[Parallel(n_jobs=4)]: Done  42 tasks      | elapsed: 11.7min
[Parallel(n_jobs=4)]: Done  53 tasks      | elapsed: 14.5min
[Parallel(n_jobs=4)]: Done  64 tasks      | elapsed: 17.1min
[Parallel(n_jobs=4)]: Done  77 tasks      | elapsed: 20.3min
[Parallel(n_jobs=4)]: Done  90 tasks      | elapsed: 23.6min
[Parallel(n_jobs=4)]: Done 105 tasks      | elapsed: 26.9min
[Parallel(n_jobs=4)]: Done 120 tasks      | elapsed: 30.9min
[Parallel(n_jobs=4)]: Done 137 tasks      | elapsed: 35.4min
[Parallel(n_jobs=4)]: Done 160 out of 160 | elapsed: 41.0min finished
left out (failed runs): [(7, 'tariff', 'oracle not solved')]

base check: agent RSS per episode {0: 0.728, 1: 0.871, 2: 0.836, 3: 0.801, 4: 0.872, 5: 0.734, 6: 0.635, 7: 0.544, 8: 0.675, 9: 0.595, 10: 0.716, 11: 0.942, 12: 0.629, 13: 0.797, 14: 0.755, 15: 0.523, 16: 0.696, 17: 0.651, 18: 0.751, 19: 0.732} oracle reproduces cache: True

class          dropped/ep  dAgent T dOracle T ceiling T ceiling RSS   per episode (ceiling T)
all                  26.7     1.162     1.036     0.127       0.043   +0.262 -0.010 -0.009 +0.068 +0.023 -0.019 +0.352 +0.049 +0.226 +0.201 +0.101 -0.084 -0.096 +0.047 +0.190 +0.792 +0.219 +0.180 +0.036 +0.006
announced            15.9     0.633     0.550     0.082       0.027   +0.189 -0.008 +0.014 +0.034 +0.026 -0.020 +0.216 +0.002 +0.162 +0.117 -0.011 -0.099 -0.060 +0.047 +0.117 +0.769 +0.109 +0.032 +0.011 +0.002
conflict              0.2     0.000     0.000    -0.000      -0.000   +0.000 +0.000 +0.000 +0.000 +0.000 +0.000 +0.000 -0.000 +0.000 +0.000 -0.000 +0.000 +0.000 +0.000 +0.000 +0.000 +0.000 +0.000 +0.000 +0.000
closures              3.2     0.071     0.004     0.067       0.021   +0.001 -0.007 +0.005 +0.012 +0.077 -0.015 +0.002 +0.000 +0.004 +0.025 +0.060 +0.009 +0.021 +0.000 +0.134 +0.855 +0.078 +0.070 +0.005 -0.001
tariff                6.8     0.006     0.004     0.002       0.001   +0.010 -0.003 +0.004 +0.001 +0.007 -0.000 +0.013 +0.002 +0.000 -0.001 +0.004 -0.000 +0.001 -0.001 -0.001 -0.000 +0.002 +0.004 +0.000
sanction              8.4     0.564     0.541     0.023       0.009   +0.195 -0.005 +0.010 -0.003 -0.056 -0.019 +0.202 +0.001 +0.152 +0.116 -0.062 -0.109 -0.069 +0.046 +0.072 -0.121 +0.072 +0.030 +0.007 +0.002
energy_shock          3.9     0.479     0.462     0.017       0.006   +0.055 +0.001 +0.011 +0.004 +0.001 -0.003 +0.048 +0.045 +0.000 +0.038 +0.065 +0.000 -0.000 +0.000 +0.014 -0.000 +0.000 +0.060 +0.000 +0.000
