warning: The `UV_NATIVE_TLS` environment variable is deprecated and will be removed in a future release. Use `UV_SYSTEM_CERTS` instead.
[Parallel(n_jobs=4)]: Using backend LokyBackend with 4 concurrent workers.
[Parallel(n_jobs=4)]: Done   3 out of   8 | elapsed:   33.0s remaining:   55.0s
[Parallel(n_jobs=4)]: Done   5 out of   8 | elapsed:  1.1min remaining:   38.8s
[Parallel(n_jobs=4)]: Done   8 out of   8 | elapsed:  1.2min finished
[(0, 31.9), (1, 31.0), (2, 30.7), (3, 32.3), (4, 32.6), (5, 40.4), (6, 34.0), (7, 33.7)]
warning: The `UV_NATIVE_TLS` environment variable is deprecated and will be removed in a future release. Use `UV_SYSTEM_CERTS` instead.
[Parallel(n_jobs=4)]: Using backend LokyBackend with 4 concurrent workers.
[Parallel(n_jobs=4)]: Done   3 out of   8 | elapsed:   34.0s remaining:   56.7s
[Parallel(n_jobs=4)]: Done   5 out of   8 | elapsed:  1.0min remaining:   37.4s
[Parallel(n_jobs=4)]: Done   8 out of   8 | elapsed:  1.2min finished
[(0, 33.4), (1, 30.8), (2, 31.3), (3, 32.7), (4, 30.1), (5, 37.3), (6, 30.3), (7, 31.1)]
warning: The `UV_NATIVE_TLS` environment variable is deprecated and will be removed in a future release. Use `UV_SYSTEM_CERTS` instead.
[Parallel(n_jobs=4)]: Using backend LokyBackend with 4 concurrent workers.
[Parallel(n_jobs=4)]: Done   3 out of   8 | elapsed:   33.5s remaining:   55.8s
[Parallel(n_jobs=4)]: Done   5 out of   8 | elapsed:  1.0min remaining:   37.5s
[Parallel(n_jobs=4)]: Done   8 out of   8 | elapsed:  1.2min finished
[(0, 32.6), (1, 30.9), (2, 31.3), (3, 32.7), (4, 30.5), (5, 40.2), (6, 30.5), (7, 32.6)]
warning: The `UV_NATIVE_TLS` environment variable is deprecated and will be removed in a future release. Use `UV_SYSTEM_CERTS` instead.
[Parallel(n_jobs=4)]: Using backend LokyBackend with 4 concurrent workers.
[Parallel(n_jobs=4)]: Done   3 out of   8 | elapsed:   33.4s remaining:   55.7s
[Parallel(n_jobs=4)]: Done   5 out of   8 | elapsed:  1.0min remaining:   37.6s
[Parallel(n_jobs=4)]: Done   8 out of   8 | elapsed:  1.2min finished
[(0, 32.4), (1, 31.0), (2, 31.6), (3, 33.3), (4, 30.5), (5, 38.1), (6, 31.4), (7, 31.5)]
