warning: The `UV_NATIVE_TLS` environment variable is deprecated and will be removed in a future release. Use `UV_SYSTEM_CERTS` instead.
[Parallel(n_jobs=4)]: Using backend LokyBackend with 4 concurrent workers.
[Parallel(n_jobs=4)]: Done  10 tasks      | elapsed:   58.5s
[Parallel(n_jobs=4)]: Done  18 out of  20 | elapsed:  1.6min remaining:   10.5s
[Parallel(n_jobs=4)]: Done  20 out of  20 | elapsed:  1.6min finished
pulse: 96 s, RSS 0.6752 by level {1: 0.6501867431542854, 2: 0.7521382026633144, 3: 0.6352797959609715, 4: 0.6324126718650402}
[Parallel(n_jobs=4)]: Using backend LokyBackend with 4 concurrent workers.
[Parallel(n_jobs=4)]: Done  10 tasks      | elapsed:   56.3s
[Parallel(n_jobs=4)]: Done  18 out of  20 | elapsed:  1.5min remaining:   10.3s
[Parallel(n_jobs=4)]: Done  20 out of  20 | elapsed:  1.6min finished
nopulse: 95 s, RSS 0.5949 by level {1: 0.5309579922286903, 2: 0.749820027637597, 3: 0.5512900100046769, 4: 0.516412279557702}

20 episodes; mean per episode; diff = pulse - nopulse
cost components (USD):
  freight         pulse   1.7534e+10 nopulse   1.7412e+10 diff  +1.2184e+08
  war_risk        pulse   1.5643e+08 nopulse   1.5552e+08 diff  +9.0969e+05
  tariff          pulse   1.7123e+10 nopulse   1.5111e+10 diff  +2.0120e+09
  holding         pulse   2.9980e+10 nopulse   2.9745e+10 diff  +2.3478e+08
  queue_holding   pulse   2.7760e+09 nopulse   2.7935e+09 diff  -1.7492e+07
  shortage        pulse   2.8394e+12 nopulse   3.2399e+12 diff  -4.0050e+11
  disposal        pulse   3.1218e+09 nopulse   2.9130e+09 diff  +2.0878e+08
  shed            pulse   4.1727e+12 nopulse   4.0571e+12 diff  +1.1563e+11
  salvage_credit  pulse  -5.8241e+09 nopulse  -5.8161e+09 diff  -7.9447e+06
  TOTAL J         pulse   7.0770e+12 nopulse   7.3593e+12 diff  -2.8232e+11

grid           shedUSD p  shedUSD np   d shedUSD     lots p    lots np   energy p  energy np 0-shed wk p    np
grid_tw        1.844e+11   1.286e+11  +5.584e+10  1.162e+07  5.552e+06  1.577e+04       7798        64.6  44.7
grid_kr        3.834e+11   3.245e+11  +5.890e+10  1.002e+07  4.353e+06  1.352e+04       5875        60.1  25.6
grid_jp        8.111e+11   8.102e+11  +9.112e+08  1.046e+06  1.065e+06       1318       1342        13.4  13.3
grid_cn        6.884e+11   6.883e+11  +1.040e+08  3.987e+06  3.851e+06       3588       3466        20.4  19.9
grid_us        4.243e+11   4.243e+11  -2.005e+07  8.914e+06   9.34e+06       9901  1.061e+04        97.0  97.0
grid_eu        4.624e+11   4.623e+11  +7.577e+07  3.547e+06  3.698e+06       3895       4106        44.6  44.6
grid_sea       1.079e+12   1.079e+12  -4.990e+06  4.938e+05  5.053e+05      444.4      454.8        10.8  10.8
grid_in        1.399e+11   1.401e+11  -1.816e+08          0          0          0          0        84.8  84.8
