warning: The `UV_NATIVE_TLS` environment variable is deprecated and will be removed in a future release. Use `UV_SYSTEM_CERTS` instead.
[Parallel(n_jobs=4)]: Using backend LokyBackend with 4 concurrent workers.
[Parallel(n_jobs=4)]: Done   5 tasks      | elapsed:  1.9min
[Parallel(n_jobs=4)]: Done  10 tasks      | elapsed:  2.8min
[Parallel(n_jobs=4)]: Done  16 out of  20 | elapsed:  4.2min remaining:  1.0min
[Parallel(n_jobs=4)]: Done  20 out of  20 | elapsed:  5.0min finished
played in 301 s, written outputs/task-17/gap17v2_full_0_dev_mpc_best.json
references reproduced exactly on 20/20 episodes; fallback weeks 0
RSS check: {'rss': 0.8454216765451372, 'pooled': True, 'rss_all': 0.8224306853432422, 'rss_by_stratum': {1: 0.8504664357123445, 2: 0.8735010917348536, 3: 0.8097276590985408, 4: 0.7673597513460635}}

ALL: 20 episodes (USD per episode, mean)
component              naive        agent      perfect  agent-perfect share of gap
freight           1.6226e+10   1.7956e+10   1.2011e+10     5.9446e+09         1.0%
war_risk          1.2879e+08   1.4827e+08   1.2312e+08     2.5152e+07         0.0%
tariff            1.2881e+10   2.0886e+10   1.0608e+10     1.0278e+10         1.7%
holding           3.3975e+10   3.2936e+10   1.7414e+10     1.5522e+10         2.6%
queue_holding     5.4134e+09   9.5821e+08   5.9548e+08     3.6273e+08         0.1%
shortage          3.6170e+12   2.2430e+12   1.8332e+12     4.0983e+11        67.5%
disposal          8.7890e+09   1.4026e+10   2.9916e+08     1.3727e+10         2.3%
shed              5.6589e+12   4.2123e+12   4.0556e+12     1.5677e+11        25.8%
salvage_credit   -5.7899e+09  -5.8304e+09  -3.1459e+08    -5.5158e+09        -0.9%
TOTAL             9.3476e+12   6.5364e+12   5.9295e+12     6.0695e+11       100.0%

harm level 1: 5 episodes (USD per episode, mean)
component              naive        agent      perfect  agent-perfect share of gap
freight           1.8669e+10   2.0338e+10   1.2786e+10     7.5524e+09         1.6%
war_risk          1.6081e+08   1.7423e+08   9.2510e+07     8.1723e+07         0.0%
tariff            1.5559e+10   2.2237e+10   6.5107e+09     1.5726e+10         3.2%
holding           3.8065e+10   3.6850e+10   1.6994e+10     1.9857e+10         4.1%
queue_holding     1.1072e+10   9.3192e+08   2.2013e+08     7.1180e+08         0.1%
shortage          3.5259e+12   1.9222e+12   1.5902e+12     3.3205e+11        68.2%
disposal          1.0931e+10   1.9511e+10   1.9221e+08     1.9319e+10         4.0%
shed              3.8572e+12   2.6869e+12   2.5885e+12     9.8407e+10        20.2%
salvage_credit   -7.5150e+09  -7.4621e+09  -5.1699e+08    -6.9451e+09        -1.4%
TOTAL             7.4701e+12   4.7017e+12   4.2149e+12     4.8676e+11       100.0%

harm level 2: 5 episodes (USD per episode, mean)
component              naive        agent      perfect  agent-perfect share of gap
freight           1.5859e+10   1.7641e+10   1.2002e+10     5.6389e+09         1.5%
war_risk          1.1244e+08   1.8939e+08   1.4103e+08     4.8358e+07         0.0%
tariff            1.4505e+10   2.3850e+10   1.5379e+10     8.4716e+09         2.2%
holding           3.2678e+10   3.2142e+10   1.7250e+10     1.4893e+10         3.8%
queue_holding     3.5440e+09   1.4527e+09   3.0588e+08     1.1469e+09         0.3%
shortage          3.3931e+12   2.0385e+12   1.7917e+12     2.4679e+11        63.6%
disposal          6.4837e+09   1.0859e+10   1.7311e+08     1.0686e+10         2.8%
shed              6.0501e+12   4.7120e+12   4.6064e+12     1.0558e+11        27.2%
salvage_credit   -5.3776e+09  -5.5037e+09  -3.3564e+08    -5.1680e+09        -1.3%
TOTAL             9.5110e+12   6.8312e+12   6.4431e+12     3.8809e+11       100.0%

harm level 3: 5 episodes (USD per episode, mean)
component              naive        agent      perfect  agent-perfect share of gap
freight           1.5964e+10   1.7924e+10   1.2374e+10     5.5500e+09         0.8%
war_risk          1.1911e+08   1.3113e+08   1.2714e+08     3.9842e+06         0.0%
tariff            7.9255e+09   1.3651e+10   7.8211e+09     5.8302e+09         0.8%
holding           3.3381e+10   3.2263e+10   1.7766e+10     1.4497e+10         2.1%
queue_holding     1.8369e+09   5.5112e+08   7.4174e+08    -1.9062e+08        -0.0%
shortage          3.7522e+12   2.3524e+12   1.8817e+12     4.7070e+11        66.8%
disposal          9.4831e+09   1.4355e+10   3.7164e+08     1.3983e+10         2.0%
shed              5.4693e+12   3.8626e+12   3.6637e+12     1.9893e+11        28.3%
salvage_credit   -5.3047e+09  -5.4093e+09  -2.3112e+08    -5.1782e+09        -0.7%
TOTAL             9.2849e+12   6.2884e+12   5.5843e+12     7.0413e+11       100.0%

harm level 4: 5 episodes (USD per episode, mean)
component              naive        agent      perfect  agent-perfect share of gap
freight           1.4413e+10   1.5920e+10   1.0883e+10     5.0370e+09         0.6%
war_risk          1.2278e+08   9.8333e+07   1.3179e+08    -3.3458e+07        -0.0%
tariff            1.3536e+10   2.3807e+10   1.2723e+10     1.1084e+10         1.3%
holding           3.1776e+10   3.0489e+10   1.7646e+10     1.2843e+10         1.5%
queue_holding     5.2007e+09   8.9704e+08   1.1142e+09    -2.1715e+08        -0.0%
shortage          3.7970e+12   2.6590e+12   2.0692e+12     5.8978e+11        69.5%
disposal          8.2584e+09   1.1378e+10   4.5969e+08     1.0918e+10         1.3%
shed              7.2590e+12   5.5878e+12   5.3637e+12     2.2418e+11        26.4%
salvage_credit   -4.9622e+09  -4.9466e+09  -1.7461e+08    -4.7720e+09        -0.6%
TOTAL             1.1124e+13   8.3245e+12   7.4757e+12     8.4881e+11       100.0%
