warning: The `UV_NATIVE_TLS` environment variable is deprecated and will be removed in a future release. Use `UV_SYSTEM_CERTS` instead.
round v39a_train_full_20261010_1010-0730: task full, entropy 20261010, episodes 20, baseline best
references ready in 1361 s (20 episodes)
  played best in 153 s: RSS 0.8144
  played wafer_buffer_2 in 148 s: RSS 0.7971
  played wafer_buffer_2.5 in 157 s: RSS 0.8069
  played wafer_buffer_3.5 in 147 s: RSS 0.8179
  played wafer_buffer_4 in 155 s: RSS 0.8179
  played buffer_cost_300 in 153 s: RSS 0.8139
  played buffer_cost_3000 in 150 s: RSS 0.8146
  played chip_H_20 in 129 s: RSS 0.8111
  played chip_H_28 in 171 s: RSS 0.8155

full, entropy 20261010, 20 episodes; diff = variant - best, 90% paired interval
variant                      RSS     L1     L2     L3     L4     diff  interval               better%  fallb
best                      0.8144  0.807  0.819  0.818      -  +0.0000  [+0.0000, +0.0000]     nan%      0
wafer_buffer_2            0.7971  0.793  0.803  0.788      -  -0.0173  [-0.0236, -0.0117]     0.0%      0  <-- worse
wafer_buffer_2.5          0.8069  0.804  0.809  0.805      -  -0.0075  [-0.0128, -0.0032]     0.0%      0  <-- worse
wafer_buffer_3.5          0.8179  0.809  0.824  0.821      -  +0.0035  [+0.0011, +0.0059]    98.7%      0  <-- better
wafer_buffer_4            0.8179  0.809  0.824  0.821      -  +0.0035  [+0.0011, +0.0059]    98.7%      0  <-- better
buffer_cost_300           0.8139  0.808  0.818  0.817      -  -0.0005  [-0.0015, +0.0004]    17.1%      0
buffer_cost_3000          0.8146  0.808  0.819  0.818      -  +0.0002  [-0.0009, +0.0015]    60.0%      0
chip_H_20                 0.8111  0.805  0.815  0.814      -  -0.0033  [-0.0061, -0.0008]     1.0%      0  <-- worse
chip_H_28                 0.8155  0.808  0.821  0.818      -  +0.0010  [-0.0006, +0.0026]    84.8%      0

results: outputs/variants/v39a_train_full_20261010_1010-0730/results.json
