warning: The `UV_NATIVE_TLS` environment variable is deprecated and will be removed in a future release. Use `UV_SYSTEM_CERTS` instead.
round v39b_full_20261010_1010-0730: task full, entropy 20261010, episodes 20, baseline best
references ready in 2131 s (20 episodes)
  played best in 247 s: RSS 0.8144
  played H_10 in 251 s: RSS 0.8130
  played H_16 in 252 s: RSS 0.8143
  played safety_weeks_3.0 in 230 s: RSS 0.8128
  played safety_weeks_5.0 in 249 s: RSS 0.8156
  played cover_frac_0.6 in 243 s: RSS 0.8073
  played cover_frac_1.0 in 255 s: RSS 0.8205
  played imit_burn_0.8 in 244 s: RSS 0.8145
  played imit_burn_1.0 in 248 s: RSS 0.8150
  played end_weeks_2.0 in 251 s: RSS 0.8118
  played end_weeks_4.0 in 249 s: RSS 0.8141

full, entropy 20261010, 20 episodes; diff = variant - best, 90% paired interval
variant                      RSS     L1     L2     L3     L4     diff  interval               better%  fallb
best                      0.8144  0.807  0.819  0.818      -  +0.0000  [+0.0000, +0.0000]     nan%      0
H_10                      0.8130  0.803  0.819  0.818      -  -0.0014  [-0.0043, +0.0012]    19.1%      0
H_16                      0.8143  0.808  0.818  0.819      -  -0.0001  [-0.0035, +0.0029]    46.7%      0
safety_weeks_3.0          0.8128  0.805  0.817  0.820      -  -0.0016  [-0.0036, +0.0004]     9.8%      0
safety_weeks_5.0          0.8156  0.809  0.819  0.821      -  +0.0012  [-0.0014, +0.0037]    74.4%      0
cover_frac_0.6            0.8073  0.789  0.820  0.813      -  -0.0071  [-0.0167, +0.0006]     8.3%      0
cover_frac_1.0            0.8205  0.824  0.818  0.820      -  +0.0060  [-0.0008, +0.0142]    89.1%      0
imit_burn_0.8             0.8145  0.808  0.819  0.818      -  +0.0001  [-0.0008, +0.0010]    54.1%      0
imit_burn_1.0             0.8150  0.808  0.819  0.820      -  +0.0006  [-0.0003, +0.0017]    82.6%      0
end_weeks_2.0             0.8118  0.804  0.816  0.818      -  -0.0026  [-0.0047, -0.0007]     0.9%      0  <-- worse
end_weeks_4.0             0.8141  0.808  0.817  0.818      -  -0.0003  [-0.0023, +0.0015]    36.8%      0

results: outputs/variants/v39b_full_20261010_1010-0730/results.json
