warning: The `UV_NATIVE_TLS` environment variable is deprecated and will be removed in a future release. Use `UV_SYSTEM_CERTS` instead.
round v39c_full_20261010_1010-0730: task full, entropy 20261010, episodes 20, baseline best
references ready in 1635 s (20 episodes)
  played best in 179 s: RSS 0.8144
  played pulse_weeks_1.0 in 185 s: RSS 0.8147
  played pulse_weeks_2.0 in 185 s: RSS 0.8133
  played jp_arrfb_0.1 in 179 s: RSS 0.8137
  played jp_arrfb_0.35 in 186 s: RSS 0.8127
  played pp_end_0.5 in 184 s: RSS 0.8148
  played pp_end_0.9 in 181 s: RSS 0.8129
  played pp_H_6 in 180 s: RSS 0.8144
  played pp_H_10 in 178 s: RSS 0.8144

full, entropy 20261010, 20 episodes; diff = variant - best, 90% paired interval
variant                      RSS     L1     L2     L3     L4     diff  interval               better%  fallb
best                      0.8144  0.807  0.819  0.818      -  +0.0000  [+0.0000, +0.0000]     nan%      0
pulse_weeks_1.0           0.8147  0.807  0.819  0.819      -  +0.0003  [+0.0001, +0.0005]    99.0%      0  <-- better
pulse_weeks_2.0           0.8133  0.806  0.817  0.818      -  -0.0011  [-0.0016, -0.0006]     0.0%      0  <-- worse
jp_arrfb_0.1              0.8137  0.808  0.817  0.819      -  -0.0007  [-0.0024, +0.0006]    20.6%      0
jp_arrfb_0.35             0.8127  0.806  0.817  0.817      -  -0.0017  [-0.0029, -0.0006]     0.2%      0  <-- worse
pp_end_0.5                0.8148  0.809  0.818  0.817      -  +0.0004  [-0.0014, +0.0021]    63.6%      0
pp_end_0.9                0.8129  0.807  0.816  0.818      -  -0.0015  [-0.0036, +0.0006]    10.9%      0
pp_H_6                    0.8144  0.807  0.819  0.818      -  +0.0000  [+0.0000, +0.0000]     0.0%      0
pp_H_10                   0.8144  0.807  0.819  0.818      -  +0.0000  [+0.0000, +0.0000]     0.0%      0

results: outputs/variants/v39c_full_20261010_1010-0730/results.json
